[www.amazon.com/dp/B0D9L9GCZ988f3.html]
[backblue.gif]
[fade.gif]
[index.html]
[www.amazon.com/dp/sp.load.html]
[www.amazon.com/dp/$entities.html]
[www.amazon.com/dp/POST.html]
[www.amazon.com/dp/@c/index.html]
[www.amazon.com/dp/@p/index.html]
[www.amazon.com/dp/@m/index.html]
[www.amazon.com/dp/sp.load.critical.html]
[www.amazon.com/dp/stores/page/C7845D61-EF1D-4483-9C48-068E94B075EB/&ref=sbm_ilm_bs/index5b2f.html]
[www.amazon.com/dp/index.html]
[www.amazon.com/dp/${sign-in-url}.html]
[www.amazon.com/dp/B07984JN3L0a2e.html]
[www.amazon.com/dp/B0D9L9GCZ988f3.html]
[www.amazon.com/dp/@c/index.html]
[www.amazon.com/dp/@m/index.html]
[www.amazon.com/dp/@p/index.html]
[www.amazon.com/dp/index.html]
[www.amazon.com/dp/sp.load.html]
[www.amazon.com/dp/$entities.html]
[www.amazon.com/dp/POST.html]
[www.amazon.com/dp/sp.load.critical.html]
[www.amazon.com/dp/stores/page/C7845D61-EF1D-4483-9C48-068E94B075EB/&ref=sbm_ilm_bs/index5b2f.html]
[www.amazon.com/dp/_${sign-in-url}__sign.html]
[www.amazon.com/dp/${sign-in-url}.html]
[www.amazon.com/dp/B07984JN3L0a2e.html]
[www.amazon.com/dp/GET.html]
[www.amazon.com/dp/GET.html]
